// Jest Snapshot v1, https://goo.gl/fbAQLP

exports[`Rates Following USD to GBP 1`] = `
"<Styled(WithStyles(Paper)) elevation={1}>
  <WithStyles(Typography) variant=\\"h4\\" align=\\"center\\">
    Rates
  </WithStyles(Typography)>
  <WithStyles(Typography) variant=\\"caption\\" align=\\"center\\" paragraph={true}>
    Keep track of your favorites exchanges.
  </WithStyles(Typography)>
  <WithStyles(Table)>
    <WithStyles(TableBody)>
      <Styled(WithStyles(TableRow))>
        <WithStyles(TableCell)>
          <WithStyles(Typography) variant=\\"h5\\">
            1 USD
          </WithStyles(Typography)>
        </WithStyles(TableCell)>
        <WithStyles(TableCell) align=\\"right\\">
          <styled.div>
            <WithStyles(Typography) variant=\\"h5\\">
              0.78
            </WithStyles(Typography)>
            <WithStyles(Typography) variant=\\"caption\\">
              British Pound Sterling
            </WithStyles(Typography)>
          </styled.div>
          <Styled(WithStyles(IconButton)) onClick={[Function: onClick]}>
            <pure(DeleteIcon) fontSize=\\"small\\" />
          </Styled(WithStyles(IconButton))>
        </WithStyles(TableCell)>
      </Styled(WithStyles(TableRow))>
    </WithStyles(TableBody)>
  </WithStyles(Table)>
  <Styled(WithStyles(Button)) variant=\\"outlined\\" color=\\"primary\\" onClick={[Function]}>
    Add new currency
  </Styled(WithStyles(Button))>
</Styled(WithStyles(Paper))>"
`;
